--------------------------------------------------------------------------------------
Timing Analyzer Summary
--------------------------------------------------------------------------------------

Type           : Worst-case tsu
Slack          : N/A
Required Time  : None
Actual Time    : -0.111 ns
From           : Clock
To             : CPU:inst|ControlUnitBlock:inst|inst30
From Clock     : --
To Clock       : Clock
Failed Paths   : 0

Type           : Worst-case tco
Slack          : N/A
Required Time  : None
Actual Time    : 39.171 ns
From           : CPU:inst|POHBlock:inst6|lpm_dff0:inst6|lpm_ff:lpm_ff_component|dffs[7]
To             : CPU[7]
From Clock     : Clock
To Clock       : --
Failed Paths   : 0

Type           : Worst-case tpd
Slack          : N/A
Required Time  : None
Actual Time    : 9.185 ns
From           : Clock
To             : Control[0]
From Clock     : --
To Clock       : --
Failed Paths   : 0

Type           : Worst-case th
Slack          : N/A
Required Time  : None
Actual Time    : 8.765 ns
From           : Clock
To             : CPU:inst|ControlUnitBlock:inst|inst40
From Clock     : --
To Clock       : Clock
Failed Paths   : 0

Type           : Clock Setup: 'Clock'
Slack          : N/A
Required Time  : None
Actual Time    : 17.22 MHz ( period = 58.076 ns )
From           : CPU:inst|POHBlock:inst6|lpm_dff0:inst6|lpm_ff:lpm_ff_component|dffs[7]
To             : CPU:inst|CacheBlock:inst10|BankBlock:inst|RowBlock:inst1|lpm_dff1:inst5|lpm_ff:lpm_ff_component|dffs[7]
From Clock     : Clock
To Clock       : Clock
Failed Paths   : 0

Type           : Clock Hold: 'Clock'
Slack          : Not operational: Clock Skew > Data Delay
Required Time  : None
Actual Time    : N/A
From           : CPU:inst|ControlUnitBlock:inst|lpm_dff0:inst23|lpm_ff:lpm_ff_component|dffs[5]
To             : CPU:inst|POHBlock:inst6|lpm_dff0:inst6|lpm_ff:lpm_ff_component|dffs[0]
From Clock     : Clock
To Clock       : Clock
Failed Paths   : 10000

Type           : Total number of failed paths
Slack          : 
Required Time  : 
Actual Time    : 
From           : 
To             : 
From Clock     : 
To Clock       : 
Failed Paths   : 10000

--------------------------------------------------------------------------------------

