--------------------------------------------------------------------------------------
Timing Analyzer Summary
--------------------------------------------------------------------------------------

Type           : Worst-case tsu
Slack          : N/A
Required Time  : None
Actual Time    : 0.583 ns
From           : Clock
To             : ControlUnitBlock:inst|inst26
From Clock     : --
To Clock       : Clock
Failed Paths   : 0

Type           : Worst-case tco
Slack          : N/A
Required Time  : None
Actual Time    : 34.105 ns
From           : POHBlock:inst6|lpm_dff0:inst3|lpm_ff:lpm_ff_component|dffs[5]
To             : Data[5]
From Clock     : Clock
To Clock       : --
Failed Paths   : 0

Type           : Worst-case tpd
Slack          : N/A
Required Time  : None
Actual Time    : 8.669 ns
From           : Clock
To             : CacheClock
From Clock     : --
To Clock       : --
Failed Paths   : 0

Type           : Worst-case th
Slack          : N/A
Required Time  : None
Actual Time    : 6.451 ns
From           : Clock
To             : ControlUnitBlock:inst|inst40
From Clock     : --
To Clock       : Clock
Failed Paths   : 0

Type           : Clock Setup: 'Clock'
Slack          : N/A
Required Time  : None
Actual Time    : 20.51 MHz ( period = 48.768 ns )
From           : POHBlock:inst6|lpm_dff0:inst7|lpm_ff:lpm_ff_component|dffs[7]
To             : CacheBlock:inst10|BankBlock:inst|RowBlock:inst1|lpm_dff1:inst4|lpm_ff:lpm_ff_component|dffs[7]
From Clock     : Clock
To Clock       : Clock
Failed Paths   : 0

Type           : Clock Hold: 'Clock'
Slack          : Not operational: Clock Skew > Data Delay
Required Time  : None
Actual Time    : N/A
From           : ControlUnitBlock:inst|lpm_dff0:inst24|lpm_ff:lpm_ff_component|dffs[3]
To             : POHBlock:inst6|lpm_dff0:inst6|lpm_ff:lpm_ff_component|dffs[3]
From Clock     : Clock
To Clock       : Clock
Failed Paths   : 10000

Type           : Total number of failed paths
Slack          : 
Required Time  : 
Actual Time    : 
From           : 
To             : 
From Clock     : 
To Clock       : 
Failed Paths   : 10000

--------------------------------------------------------------------------------------

